Test Case  - http://localhost:3000/test/js/Entity.html
PHANTOM ERROR: ReferenceError: Can't find variable: descripbe
TRACE:
at http://localhost:3000/test/js/Entity.spec.js: 16
at http://localhost:3000/test/testvendor/require.js: 1588
at http://localhost:3000/test/testvendor/require.js: 841
at http://localhost:3000/test/testvendor/require.js: 1074
at http://localhost:3000/test/testvendor/require.js: 126
at http://localhost:3000/test/testvendor/require.js: 1117
at http://localhost:3000/test/testvendor/require.js: 58 (in function "each")
at http://localhost:3000/test/testvendor/require.js: 1118
at http://localhost:3000/test/testvendor/require.js: 895
at http://localhost:3000/test/testvendor/require.js: 1104
at http://localhost:3000/test/testvendor/require.js: 754
at http://localhost:3000/test/testvendor/require.js: 1129 (in function "callGetModule")
at http://localhost:3000/test/testvendor/require.js: 1479
at http://localhost:3000/test/testvendor/require.js: 1611
